// Vitest Snapshot v1, https://vitest.dev/guide/snapshot.html

exports[`NoiseCancelingModeSelection > should render 1`] = `
<DocumentFragment>
  <div
    class="MuiBox-root css-0"
  >
    <p
      class="MuiTypography-root MuiTypography-body1 css-ahj2mt-MuiTypography-root"
    >
      noiseCancelingMode.noiseCancelingMode
    </p>
    <div
      class="MuiToggleButtonGroup-root css-1yt1mvy-MuiToggleButtonGroup-root"
      role="group"
    >
      <button
        aria-pressed="false"
        class="MuiButtonBase-root MuiToggleButton-root MuiToggleButton-sizeMedium MuiToggleButton-standard MuiToggleButtonGroup-grouped MuiToggleButtonGroup-groupedHorizontal css-1psryzy-MuiButtonBase-root-MuiToggleButton-root"
        tabindex="0"
        type="button"
        value="0"
      >
        noiseCancelingMode.transport
        <span
          class="MuiTouchRipple-root css-8je8zh-MuiTouchRipple-root"
        />
      </button>
      <button
        aria-pressed="false"
        class="MuiButtonBase-root MuiToggleButton-root MuiToggleButton-sizeMedium MuiToggleButton-standard MuiToggleButtonGroup-grouped MuiToggleButtonGroup-groupedHorizontal css-1psryzy-MuiButtonBase-root-MuiToggleButton-root"
        tabindex="0"
        type="button"
        value="1"
      >
        noiseCancelingMode.outdoor
        <span
          class="MuiTouchRipple-root css-8je8zh-MuiTouchRipple-root"
        />
      </button>
      <button
        aria-pressed="true"
        class="MuiButtonBase-root MuiToggleButton-root Mui-selected MuiToggleButton-sizeMedium MuiToggleButton-standard MuiToggleButtonGroup-grouped MuiToggleButtonGroup-groupedHorizontal css-1psryzy-MuiButtonBase-root-MuiToggleButton-root"
        tabindex="0"
        type="button"
        value="2"
      >
        noiseCancelingMode.indoor
        <span
          class="MuiTouchRipple-root css-8je8zh-MuiTouchRipple-root"
        />
      </button>
    </div>
  </div>
</DocumentFragment>
`;
